2026-05-10 21:43:27 0 [Note] Starting MariaDB 12.2.2-MariaDB source revision d26a6f44c1f2119377e79a9540886c6d8c01472f server_uid 9Pf0UY+yUpDYS4qY0b24rgeGudM= as process 18180
2026-05-10 21:43:27 0 [Note] InnoDB: The first data file './ibdata1' did not exist. A new tablespace will be created!
2026-05-10 21:43:27 0 [Note] InnoDB: Compressed tables use zlib 1.3.1
2026-05-10 21:43:27 0 [Note] InnoDB: Number of transaction pools: 1
2026-05-10 21:43:27 0 [Note] InnoDB: Using crc32 + pclmulqdq instructions
2026-05-10 21:43:27 0 [Note] InnoDB: Using ThreadPool
2026-05-10 21:43:27 0 [Note] InnoDB: innodb_buffer_pool_size_max=1968m, innodb_buffer_pool_size=1963m
2026-05-10 21:43:27 0 [Note] InnoDB: Completed initialization of buffer pool
2026-05-10 21:43:27 0 [Note] InnoDB: Setting file './ibdata1' size to 12.000MiB. Physically writing the file full; Please wait ...
2026-05-10 21:43:27 0 [Note] InnoDB: File './ibdata1' size is now 12.000MiB.
2026-05-10 21:43:27 0 [Note] InnoDB: File system buffers for log disabled (block size=4096 bytes)
2026-05-10 21:43:27 0 [Note] InnoDB: Data file .//undo001 did not exist: new to be created
2026-05-10 21:43:27 0 [Note] InnoDB: Setting file .//undo001 size to 10.000MiB
2026-05-10 21:43:27 0 [Note] InnoDB: Database physically writes the file full: wait...
2026-05-10 21:43:27 0 [Note] InnoDB: Data file .//undo002 did not exist: new to be created
2026-05-10 21:43:27 0 [Note] InnoDB: Setting file .//undo002 size to 10.000MiB
2026-05-10 21:43:27 0 [Note] InnoDB: Database physically writes the file full: wait...
2026-05-10 21:43:27 0 [Note] InnoDB: Data file .//undo003 did not exist: new to be created
2026-05-10 21:43:27 0 [Note] InnoDB: Setting file .//undo003 size to 10.000MiB
2026-05-10 21:43:27 0 [Note] InnoDB: Database physically writes the file full: wait...
2026-05-10 21:43:27 0 [Note] InnoDB: Doublewrite buffer not found: creating new
2026-05-10 21:43:27 0 [Note] InnoDB: Doublewrite buffer created
2026-05-10 21:43:27 0 [Note] InnoDB: Opened 3 undo tablespaces
2026-05-10 21:43:27 0 [Note] InnoDB: 128 rollback segments in 3 undo tablespaces are active.
2026-05-10 21:43:27 0 [Note] InnoDB: Setting file './ibtmp1' size to 12.000MiB. Physically writing the file full; Please wait ...
2026-05-10 21:43:27 0 [Note] InnoDB: File './ibtmp1' size is now 12.000MiB.
2026-05-10 21:43:27 0 [Note] InnoDB: log sequence number 0; transaction id 3
2026-05-10 21:43:27 0 [Note] Plugin 'FEEDBACK' is disabled.
2026-05-10 21:43:27 0 [Note] mysqld: SSPI: using principal name 'localhost', mech 'Negotiate'
2026-05-10 21:43:27 0 [ERROR] Can't open and lock privilege tables: Table 'mysql.servers' doesn't exist
2026-05-10 21:43:30 0 [Note] Server socket created on IP: '::', port: '3306'.
2026-05-10 21:43:30 0 [ERROR] Can't start server: Bind on TCP/IP port. Got error: 10048: Only one usage of each socket address (protocol/network address/port) is normally permitted.

2026-05-10 21:43:30 0 [ERROR] Do you already have another server running on port: 3306 ?
2026-05-10 21:43:30 0 [ERROR] Aborting
2026-05-10 21:44:37 0 [Note] Starting MariaDB 12.2.2-MariaDB source revision d26a6f44c1f2119377e79a9540886c6d8c01472f server_uid 9Pf0UY+yUpDYS4qY0b24rgeGudM= as process 6812
2026-05-10 21:44:37 0 [Note] InnoDB: Compressed tables use zlib 1.3.1
2026-05-10 21:44:37 0 [Note] InnoDB: Number of transaction pools: 1
2026-05-10 21:44:37 0 [Note] InnoDB: Using crc32 + pclmulqdq instructions
2026-05-10 21:44:37 0 [Note] InnoDB: Using ThreadPool
2026-05-10 21:44:37 0 [Note] InnoDB: innodb_buffer_pool_size_max=1968m, innodb_buffer_pool_size=1963m
2026-05-10 21:44:37 0 [Note] InnoDB: Completed initialization of buffer pool
2026-05-10 21:44:37 0 [Note] InnoDB: File system buffers for log disabled (block size=4096 bytes)
2026-05-10 21:44:37 0 [Note] InnoDB: End of log at LSN=36681
2026-05-10 21:44:37 0 [Note] InnoDB: Opened 3 undo tablespaces
2026-05-10 21:44:37 0 [Note] InnoDB: 128 rollback segments in 3 undo tablespaces are active.
2026-05-10 21:44:37 0 [Note] InnoDB: Setting file './ibtmp1' size to 12.000MiB. Physically writing the file full; Please wait ...
2026-05-10 21:44:37 0 [Note] InnoDB: File './ibtmp1' size is now 12.000MiB.
2026-05-10 21:44:37 0 [Note] InnoDB: log sequence number 36681; transaction id 4
2026-05-10 21:44:37 0 [Note] Plugin 'FEEDBACK' is disabled.
2026-05-10 21:44:37 0 [Note] InnoDB: Loading buffer pool(s) from C:\Users\Uday Shankar Pandey\Downloads\rescue_coordination\server-env\mariadb_data\ib_buffer_pool
2026-05-10 21:44:37 0 [Note] InnoDB: Buffer pool(s) load completed at 260510 21:44:37
2026-05-10 21:44:37 0 [Note] mysqld: SSPI: using principal name 'localhost', mech 'Negotiate'
2026-05-10 21:44:38 0 [ERROR] Can't open and lock privilege tables: Table 'mysql.servers' doesn't exist
2026-05-10 21:44:38 0 [Note] Server socket created on IP: '::', port: '3306'.
2026-05-10 21:44:38 0 [ERROR] Can't start server: Bind on TCP/IP port. Got error: 10048: Only one usage of each socket address (protocol/network address/port) is normally permitted.

2026-05-10 21:44:38 0 [ERROR] Do you already have another server running on port: 3306 ?
2026-05-10 21:44:38 0 [ERROR] Aborting
2026-05-10 21:48:16 0 [Note] Starting MariaDB 12.2.2-MariaDB source revision d26a6f44c1f2119377e79a9540886c6d8c01472f server_uid 9Pf0UY+yUpDYS4qY0b24rgeGudM= as process 18760
2026-05-10 21:48:16 0 [Note] InnoDB: Compressed tables use zlib 1.3.1
2026-05-10 21:48:16 0 [Note] InnoDB: Number of transaction pools: 1
2026-05-10 21:48:16 0 [Note] InnoDB: Using crc32 + pclmulqdq instructions
2026-05-10 21:48:16 0 [Note] InnoDB: Using ThreadPool
2026-05-10 21:48:16 0 [Note] InnoDB: innodb_buffer_pool_size_max=1968m, innodb_buffer_pool_size=1963m
2026-05-10 21:48:16 0 [Note] InnoDB: Completed initialization of buffer pool
2026-05-10 21:48:16 0 [Note] InnoDB: File system buffers for log disabled (block size=4096 bytes)
2026-05-10 21:48:16 0 [Note] InnoDB: End of log at LSN=36681
2026-05-10 21:48:16 0 [Note] InnoDB: Opened 3 undo tablespaces
2026-05-10 21:48:16 0 [Note] InnoDB: 128 rollback segments in 3 undo tablespaces are active.
2026-05-10 21:48:16 0 [Note] InnoDB: Setting file './ibtmp1' size to 12.000MiB. Physically writing the file full; Please wait ...
2026-05-10 21:48:16 0 [Note] InnoDB: File './ibtmp1' size is now 12.000MiB.
2026-05-10 21:48:16 0 [Note] InnoDB: log sequence number 36681; transaction id 4
2026-05-10 21:48:16 0 [Note] Plugin 'FEEDBACK' is disabled.
2026-05-10 21:48:16 0 [Note] InnoDB: Loading buffer pool(s) from C:\Users\Uday Shankar Pandey\Downloads\rescue_coordination\server-env\mariadb_data\ib_buffer_pool
2026-05-10 21:48:16 0 [Note] InnoDB: Buffer pool(s) load completed at 260510 21:48:16
2026-05-10 21:48:16 0 [Note] mysqld: SSPI: using principal name 'localhost', mech 'Negotiate'
2026-05-10 21:48:16 0 [ERROR] Can't open and lock privilege tables: Table 'mysql.servers' doesn't exist
2026-05-10 21:48:18 0 [Note] Server socket created on IP: '::', port: '3306'.
2026-05-10 21:48:18 0 [ERROR] Can't start server: Bind on TCP/IP port. Got error: 10048: Only one usage of each socket address (protocol/network address/port) is normally permitted.

2026-05-10 21:48:18 0 [ERROR] Do you already have another server running on port: 3306 ?
2026-05-10 21:48:18 0 [ERROR] Aborting
2026-05-10 21:49:49 0 [Note] Starting MariaDB 12.2.2-MariaDB source revision d26a6f44c1f2119377e79a9540886c6d8c01472f server_uid 9Pf0UY+yUpDYS4qY0b24rgeGudM= as process 19124
2026-05-10 21:49:49 0 [Note] InnoDB: Compressed tables use zlib 1.3.1
2026-05-10 21:49:49 0 [Note] InnoDB: Number of transaction pools: 1
2026-05-10 21:49:49 0 [Note] InnoDB: Using crc32 + pclmulqdq instructions
2026-05-10 21:49:49 0 [Note] InnoDB: Using ThreadPool
2026-05-10 21:49:49 0 [Note] InnoDB: innodb_buffer_pool_size_max=1968m, innodb_buffer_pool_size=1963m
2026-05-10 21:49:49 0 [Note] InnoDB: Completed initialization of buffer pool
2026-05-10 21:49:49 0 [Note] InnoDB: File system buffers for log disabled (block size=4096 bytes)
2026-05-10 21:49:49 0 [Note] InnoDB: End of log at LSN=36681
2026-05-10 21:49:49 0 [Note] InnoDB: Opened 3 undo tablespaces
2026-05-10 21:49:49 0 [Note] InnoDB: 128 rollback segments in 3 undo tablespaces are active.
2026-05-10 21:49:49 0 [Note] InnoDB: Setting file './ibtmp1' size to 12.000MiB. Physically writing the file full; Please wait ...
2026-05-10 21:49:49 0 [Note] InnoDB: File './ibtmp1' size is now 12.000MiB.
2026-05-10 21:49:49 0 [Note] InnoDB: log sequence number 36681; transaction id 4
2026-05-10 21:49:49 0 [Note] Plugin 'FEEDBACK' is disabled.
2026-05-10 21:49:49 0 [Note] InnoDB: Loading buffer pool(s) from C:\Users\Uday Shankar Pandey\Downloads\rescue_coordination\server-env\mariadb_data\ib_buffer_pool
2026-05-10 21:49:49 0 [Note] InnoDB: Buffer pool(s) load completed at 260510 21:49:49
2026-05-10 21:49:49 0 [Note] mysqld: SSPI: using principal name 'localhost', mech 'Negotiate'
2026-05-10 21:49:49 0 [ERROR] Can't open and lock privilege tables: Table 'mysql.servers' doesn't exist
2026-05-10 21:49:52 0 [Note] Server socket created on IP: '::', port: '3306'.
2026-05-10 21:49:52 0 [ERROR] Can't start server: Bind on TCP/IP port. Got error: 10048: Only one usage of each socket address (protocol/network address/port) is normally permitted.

2026-05-10 21:49:52 0 [ERROR] Do you already have another server running on port: 3306 ?
2026-05-10 21:49:52 0 [ERROR] Aborting
2026-05-10 21:53:28 0 [Note] Starting MariaDB 12.2.2-MariaDB source revision d26a6f44c1f2119377e79a9540886c6d8c01472f server_uid 9Pf0UY+yUpDYS4qY0b24rgeGudM= as process 17808
2026-05-10 21:53:28 0 [Note] InnoDB: Compressed tables use zlib 1.3.1
2026-05-10 21:53:28 0 [Note] InnoDB: Number of transaction pools: 1
2026-05-10 21:53:28 0 [Note] InnoDB: Using crc32 + pclmulqdq instructions
2026-05-10 21:53:28 0 [Note] InnoDB: Using ThreadPool
2026-05-10 21:53:28 0 [Note] InnoDB: innodb_buffer_pool_size_max=1968m, innodb_buffer_pool_size=1963m
2026-05-10 21:53:28 0 [Note] InnoDB: Completed initialization of buffer pool
2026-05-10 21:53:28 0 [Note] InnoDB: File system buffers for log disabled (block size=4096 bytes)
2026-05-10 21:53:28 0 [Note] InnoDB: End of log at LSN=36681
2026-05-10 21:53:28 0 [Note] InnoDB: Opened 3 undo tablespaces
2026-05-10 21:53:28 0 [Note] InnoDB: 128 rollback segments in 3 undo tablespaces are active.
2026-05-10 21:53:28 0 [Note] InnoDB: Setting file './ibtmp1' size to 12.000MiB. Physically writing the file full; Please wait ...
2026-05-10 21:53:28 0 [Note] InnoDB: File './ibtmp1' size is now 12.000MiB.
2026-05-10 21:53:28 0 [Note] InnoDB: log sequence number 36681; transaction id 4
2026-05-10 21:53:28 0 [Note] Plugin 'FEEDBACK' is disabled.
2026-05-10 21:53:28 0 [Note] InnoDB: Loading buffer pool(s) from C:\Users\Uday Shankar Pandey\Downloads\rescue_coordination\server-env\mariadb_data\ib_buffer_pool
2026-05-10 21:53:28 0 [Note] InnoDB: Buffer pool(s) load completed at 260510 21:53:28
2026-05-10 21:53:28 0 [Note] mysqld: SSPI: using principal name 'localhost', mech 'Negotiate'
2026-05-10 21:53:28 0 [ERROR] Can't open and lock privilege tables: Table 'mysql.servers' doesn't exist
2026-05-10 21:53:31 0 [Note] Server socket created on IP: '::', port: '3306'.
2026-05-10 21:53:31 0 [ERROR] Can't start server: Bind on TCP/IP port. Got error: 10048: Only one usage of each socket address (protocol/network address/port) is normally permitted.

2026-05-10 21:53:31 0 [ERROR] Do you already have another server running on port: 3306 ?
2026-05-10 21:53:31 0 [ERROR] Aborting
2026-05-10 22:02:15 0 [Note] Starting MariaDB 12.2.2-MariaDB source revision d26a6f44c1f2119377e79a9540886c6d8c01472f server_uid 9Pf0UY+yUpDYS4qY0b24rgeGudM= as process 7176
2026-05-10 22:02:15 0 [Note] InnoDB: Compressed tables use zlib 1.3.1
2026-05-10 22:02:15 0 [Note] InnoDB: Number of transaction pools: 1
2026-05-10 22:02:15 0 [Note] InnoDB: Using crc32 + pclmulqdq instructions
2026-05-10 22:02:15 0 [Note] InnoDB: Using ThreadPool
2026-05-10 22:02:15 0 [Note] InnoDB: innodb_buffer_pool_size_max=1968m, innodb_buffer_pool_size=1963m
2026-05-10 22:02:15 0 [Note] InnoDB: Completed initialization of buffer pool
2026-05-10 22:02:15 0 [Note] InnoDB: File system buffers for log disabled (block size=4096 bytes)
2026-05-10 22:02:15 0 [Note] InnoDB: End of log at LSN=36681
2026-05-10 22:02:16 0 [Note] InnoDB: Opened 3 undo tablespaces
2026-05-10 22:02:16 0 [Note] InnoDB: 128 rollback segments in 3 undo tablespaces are active.
2026-05-10 22:02:16 0 [Note] InnoDB: Setting file './ibtmp1' size to 12.000MiB. Physically writing the file full; Please wait ...
2026-05-10 22:02:16 0 [Note] InnoDB: File './ibtmp1' size is now 12.000MiB.
2026-05-10 22:02:16 0 [Note] InnoDB: log sequence number 36681; transaction id 4
2026-05-10 22:02:16 0 [Note] Plugin 'FEEDBACK' is disabled.
2026-05-10 22:02:16 0 [Note] InnoDB: Loading buffer pool(s) from C:\Users\Uday Shankar Pandey\Downloads\rescue_coordination\server-env\mariadb_data\ib_buffer_pool
2026-05-10 22:02:16 0 [Note] InnoDB: Buffer pool(s) load completed at 260510 22:02:16
2026-05-10 22:02:16 0 [Note] mysqld: SSPI: using principal name 'localhost', mech 'Negotiate'
2026-05-10 22:02:16 0 [ERROR] Can't open and lock privilege tables: Table 'mysql.servers' doesn't exist
2026-05-10 22:02:16 0 [Note] Server socket created on IP: '::', port: '3306'.
2026-05-10 22:02:16 0 [ERROR] Can't start server: Bind on TCP/IP port. Got error: 10048: Only one usage of each socket address (protocol/network address/port) is normally permitted.

2026-05-10 22:02:16 0 [ERROR] Do you already have another server running on port: 3306 ?
2026-05-10 22:02:16 0 [ERROR] Aborting
2026-05-10 22:03:16 0 [Note] Starting MariaDB 12.2.2-MariaDB source revision d26a6f44c1f2119377e79a9540886c6d8c01472f server_uid 9Pf0UY+yUpDYS4qY0b24rgeGudM= as process 3420
2026-05-10 22:03:16 0 [Note] InnoDB: Compressed tables use zlib 1.3.1
2026-05-10 22:03:16 0 [Note] InnoDB: Number of transaction pools: 1
2026-05-10 22:03:16 0 [Note] InnoDB: Using crc32 + pclmulqdq instructions
2026-05-10 22:03:16 0 [Note] InnoDB: Using ThreadPool
2026-05-10 22:03:16 0 [Note] InnoDB: innodb_buffer_pool_size_max=1968m, innodb_buffer_pool_size=1963m
2026-05-10 22:03:16 0 [Note] InnoDB: Completed initialization of buffer pool
2026-05-10 22:03:16 0 [Note] InnoDB: File system buffers for log disabled (block size=4096 bytes)
2026-05-10 22:03:16 0 [Note] InnoDB: End of log at LSN=36681
2026-05-10 22:03:16 0 [Note] InnoDB: Opened 3 undo tablespaces
2026-05-10 22:03:16 0 [Note] InnoDB: 128 rollback segments in 3 undo tablespaces are active.
2026-05-10 22:03:16 0 [Note] InnoDB: Setting file './ibtmp1' size to 12.000MiB. Physically writing the file full; Please wait ...
2026-05-10 22:03:16 0 [Note] InnoDB: File './ibtmp1' size is now 12.000MiB.
2026-05-10 22:03:16 0 [Note] InnoDB: log sequence number 36681; transaction id 4
2026-05-10 22:03:16 0 [Note] Plugin 'FEEDBACK' is disabled.
2026-05-10 22:03:16 0 [Note] InnoDB: Loading buffer pool(s) from C:\Users\Uday Shankar Pandey\Downloads\rescue_coordination\server-env\mariadb_data\ib_buffer_pool
2026-05-10 22:03:16 0 [Note] InnoDB: Buffer pool(s) load completed at 260510 22:03:16
2026-05-10 22:03:16 0 [Note] mysqld: SSPI: using principal name 'localhost', mech 'Negotiate'
2026-05-10 22:03:16 0 [ERROR] Can't open and lock privilege tables: Table 'mysql.servers' doesn't exist
2026-05-10 22:03:18 0 [Note] Server socket created on IP: '::', port: '3306'.
2026-05-10 22:03:18 0 [ERROR] Can't start server: Bind on TCP/IP port. Got error: 10048: Only one usage of each socket address (protocol/network address/port) is normally permitted.

2026-05-10 22:03:18 0 [ERROR] Do you already have another server running on port: 3306 ?
2026-05-10 22:03:18 0 [ERROR] Aborting
2026-05-10 22:08:49 0 [Note] Starting MariaDB 12.2.2-MariaDB source revision d26a6f44c1f2119377e79a9540886c6d8c01472f server_uid 9Pf0UY+yUpDYS4qY0b24rgeGudM= as process 12536
2026-05-10 22:08:49 0 [Note] InnoDB: Compressed tables use zlib 1.3.1
2026-05-10 22:08:49 0 [Note] InnoDB: Number of transaction pools: 1
2026-05-10 22:08:49 0 [Note] InnoDB: Using crc32 + pclmulqdq instructions
2026-05-10 22:08:49 0 [Note] InnoDB: Using ThreadPool
2026-05-10 22:08:49 0 [Note] InnoDB: innodb_buffer_pool_size_max=1968m, innodb_buffer_pool_size=1963m
2026-05-10 22:08:49 0 [Note] InnoDB: Completed initialization of buffer pool
2026-05-10 22:08:49 0 [Note] InnoDB: File system buffers for log disabled (block size=4096 bytes)
2026-05-10 22:08:49 0 [Note] InnoDB: End of log at LSN=36681
2026-05-10 22:08:50 0 [Note] InnoDB: Opened 3 undo tablespaces
2026-05-10 22:08:50 0 [Note] InnoDB: 128 rollback segments in 3 undo tablespaces are active.
2026-05-10 22:08:50 0 [Note] InnoDB: Setting file './ibtmp1' size to 12.000MiB. Physically writing the file full; Please wait ...
2026-05-10 22:08:50 0 [Note] InnoDB: File './ibtmp1' size is now 12.000MiB.
2026-05-10 22:08:50 0 [Note] InnoDB: log sequence number 36681; transaction id 4
2026-05-10 22:08:50 0 [Note] Plugin 'FEEDBACK' is disabled.
2026-05-10 22:08:50 0 [Note] InnoDB: Loading buffer pool(s) from C:\Users\Uday Shankar Pandey\Downloads\rescue_coordination\server-env\mariadb_data\ib_buffer_pool
2026-05-10 22:08:50 0 [Note] mysqld: SSPI: using principal name 'localhost', mech 'Negotiate'
2026-05-10 22:08:50 0 [Note] InnoDB: Buffer pool(s) load completed at 260510 22:08:50
2026-05-10 22:08:50 0 [ERROR] Can't open and lock privilege tables: Table 'mysql.servers' doesn't exist
2026-05-10 22:08:51 0 [Note] Server socket created on IP: '::', port: '3306'.
2026-05-10 22:08:51 0 [ERROR] Can't start server: Bind on TCP/IP port. Got error: 10048: Only one usage of each socket address (protocol/network address/port) is normally permitted.

2026-05-10 22:08:51 0 [ERROR] Do you already have another server running on port: 3306 ?
2026-05-10 22:08:51 0 [ERROR] Aborting
2026-05-11 10:06:54 0 [Note] Starting MariaDB 12.2.2-MariaDB source revision d26a6f44c1f2119377e79a9540886c6d8c01472f server_uid 9Pf0UY+yUpDYS4qY0b24rgeGudM= as process 8216
2026-05-11 10:06:55 0 [Note] InnoDB: Compressed tables use zlib 1.3.1
2026-05-11 10:06:55 0 [Note] InnoDB: Number of transaction pools: 1
2026-05-11 10:06:55 0 [Note] InnoDB: Using crc32 + pclmulqdq instructions
2026-05-11 10:06:55 0 [Note] InnoDB: Using ThreadPool
2026-05-11 10:06:55 0 [Note] InnoDB: innodb_buffer_pool_size_max=1968m, innodb_buffer_pool_size=1963m
2026-05-11 10:06:55 0 [Note] InnoDB: Completed initialization of buffer pool
2026-05-11 10:06:55 0 [Note] InnoDB: File system buffers for log disabled (block size=4096 bytes)
2026-05-11 10:06:55 0 [Note] InnoDB: End of log at LSN=36681
2026-05-11 10:06:55 0 [Note] InnoDB: Opened 3 undo tablespaces
2026-05-11 10:06:55 0 [Note] InnoDB: 128 rollback segments in 3 undo tablespaces are active.
2026-05-11 10:06:55 0 [Note] InnoDB: Setting file './ibtmp1' size to 12.000MiB. Physically writing the file full; Please wait ...
2026-05-11 10:06:55 0 [Note] InnoDB: File './ibtmp1' size is now 12.000MiB.
2026-05-11 10:06:55 0 [Note] InnoDB: log sequence number 36681; transaction id 4
2026-05-11 10:06:55 0 [Note] Plugin 'FEEDBACK' is disabled.
2026-05-11 10:06:55 0 [Note] InnoDB: Loading buffer pool(s) from C:\Users\Uday Shankar Pandey\Downloads\rescue_coordination\server-env\mariadb_data\ib_buffer_pool
2026-05-11 10:06:55 0 [Note] InnoDB: Buffer pool(s) load completed at 260511 10:06:55
2026-05-11 10:06:55 0 [Note] mysqld: SSPI: using principal name 'localhost', mech 'Negotiate'
2026-05-11 10:06:55 0 [ERROR] Can't open and lock privilege tables: Table 'mysql.servers' doesn't exist
2026-05-11 10:06:56 0 [Note] Server socket created on IP: '::', port: '3306'.
2026-05-11 10:06:56 0 [ERROR] Can't start server: Bind on TCP/IP port. Got error: 10048: Only one usage of each socket address (protocol/network address/port) is normally permitted.

2026-05-11 10:06:56 0 [ERROR] Do you already have another server running on port: 3306 ?
2026-05-11 10:06:56 0 [ERROR] Aborting
2026-05-11 10:10:46 0 [Note] Starting MariaDB 12.2.2-MariaDB source revision d26a6f44c1f2119377e79a9540886c6d8c01472f server_uid 9Pf0UY+yUpDYS4qY0b24rgeGudM= as process 15260
2026-05-11 10:10:46 0 [Note] InnoDB: Compressed tables use zlib 1.3.1
2026-05-11 10:10:46 0 [Note] InnoDB: Number of transaction pools: 1
2026-05-11 10:10:46 0 [Note] InnoDB: Using crc32 + pclmulqdq instructions
2026-05-11 10:10:46 0 [Note] InnoDB: Using ThreadPool
2026-05-11 10:10:46 0 [Note] InnoDB: innodb_buffer_pool_size_max=1968m, innodb_buffer_pool_size=1963m
2026-05-11 10:10:46 0 [Note] InnoDB: Completed initialization of buffer pool
2026-05-11 10:10:46 0 [Note] InnoDB: File system buffers for log disabled (block size=4096 bytes)
2026-05-11 10:10:46 0 [Note] InnoDB: End of log at LSN=36681
2026-05-11 10:10:46 0 [Note] InnoDB: Opened 3 undo tablespaces
2026-05-11 10:10:46 0 [Note] InnoDB: 128 rollback segments in 3 undo tablespaces are active.
2026-05-11 10:10:46 0 [Note] InnoDB: Setting file './ibtmp1' size to 12.000MiB. Physically writing the file full; Please wait ...
2026-05-11 10:10:46 0 [Note] InnoDB: File './ibtmp1' size is now 12.000MiB.
2026-05-11 10:10:46 0 [Note] InnoDB: log sequence number 36681; transaction id 4
2026-05-11 10:10:46 0 [Note] Plugin 'FEEDBACK' is disabled.
2026-05-11 10:10:46 0 [Note] InnoDB: Loading buffer pool(s) from C:\Users\Uday Shankar Pandey\Downloads\rescue_coordination\server-env\mariadb_data\ib_buffer_pool
2026-05-11 10:10:46 0 [Note] InnoDB: Buffer pool(s) load completed at 260511 10:10:46
2026-05-11 10:10:46 0 [Note] mysqld: SSPI: using principal name 'localhost', mech 'Negotiate'
2026-05-11 10:10:46 0 [ERROR] Can't open and lock privilege tables: Table 'mysql.servers' doesn't exist
2026-05-11 10:10:48 0 [Note] Server socket created on IP: '::', port: '3306'.
2026-05-11 10:10:48 0 [ERROR] Can't start server: Bind on TCP/IP port. Got error: 10048: Only one usage of each socket address (protocol/network address/port) is normally permitted.

2026-05-11 10:10:48 0 [ERROR] Do you already have another server running on port: 3306 ?
2026-05-11 10:10:48 0 [ERROR] Aborting
2026-05-11 10:13:38 0 [Note] Starting MariaDB 12.2.2-MariaDB source revision d26a6f44c1f2119377e79a9540886c6d8c01472f server_uid 9Pf0UY+yUpDYS4qY0b24rgeGudM= as process 17556
2026-05-11 10:13:38 0 [Note] InnoDB: Compressed tables use zlib 1.3.1
2026-05-11 10:13:38 0 [Note] InnoDB: Number of transaction pools: 1
2026-05-11 10:13:38 0 [Note] InnoDB: Using crc32 + pclmulqdq instructions
2026-05-11 10:13:38 0 [Note] InnoDB: Using ThreadPool
2026-05-11 10:13:38 0 [Note] InnoDB: innodb_buffer_pool_size_max=1968m, innodb_buffer_pool_size=1963m
2026-05-11 10:13:38 0 [Note] InnoDB: Completed initialization of buffer pool
2026-05-11 10:13:38 0 [Note] InnoDB: File system buffers for log disabled (block size=4096 bytes)
2026-05-11 10:13:38 0 [Note] InnoDB: End of log at LSN=36681
2026-05-11 10:13:38 0 [Note] InnoDB: Opened 3 undo tablespaces
2026-05-11 10:13:38 0 [Note] InnoDB: 128 rollback segments in 3 undo tablespaces are active.
2026-05-11 10:13:38 0 [Note] InnoDB: Setting file './ibtmp1' size to 12.000MiB. Physically writing the file full; Please wait ...
2026-05-11 10:13:38 0 [Note] InnoDB: File './ibtmp1' size is now 12.000MiB.
2026-05-11 10:13:38 0 [Note] InnoDB: log sequence number 36681; transaction id 4
2026-05-11 10:13:38 0 [Note] Plugin 'FEEDBACK' is disabled.
2026-05-11 10:13:38 0 [Note] InnoDB: Loading buffer pool(s) from C:\Users\Uday Shankar Pandey\Downloads\rescue_coordination\server-env\mariadb_data\ib_buffer_pool
2026-05-11 10:13:38 0 [Note] mysqld: SSPI: using principal name 'localhost', mech 'Negotiate'
2026-05-11 10:13:38 0 [Note] InnoDB: Buffer pool(s) load completed at 260511 10:13:38
2026-05-11 10:13:38 0 [ERROR] Can't open and lock privilege tables: Table 'mysql.servers' doesn't exist
2026-05-11 10:13:40 0 [Note] Server socket created on IP: '::', port: '3306'.
2026-05-11 10:13:40 0 [ERROR] Can't start server: Bind on TCP/IP port. Got error: 10048: Only one usage of each socket address (protocol/network address/port) is normally permitted.

2026-05-11 10:13:40 0 [ERROR] Do you already have another server running on port: 3306 ?
2026-05-11 10:13:40 0 [ERROR] Aborting
2026-05-11 10:16:16 0 [Note] Starting MariaDB 12.2.2-MariaDB source revision d26a6f44c1f2119377e79a9540886c6d8c01472f server_uid 9Pf0UY+yUpDYS4qY0b24rgeGudM= as process 14616
2026-05-11 10:16:16 0 [Note] InnoDB: Compressed tables use zlib 1.3.1
2026-05-11 10:16:16 0 [Note] InnoDB: Number of transaction pools: 1
2026-05-11 10:16:16 0 [Note] InnoDB: Using crc32 + pclmulqdq instructions
2026-05-11 10:16:16 0 [Note] InnoDB: Using ThreadPool
2026-05-11 10:16:16 0 [Note] InnoDB: innodb_buffer_pool_size_max=1968m, innodb_buffer_pool_size=1963m
2026-05-11 10:16:16 0 [Note] InnoDB: Completed initialization of buffer pool
2026-05-11 10:16:16 0 [Note] InnoDB: File system buffers for log disabled (block size=4096 bytes)
2026-05-11 10:16:16 0 [Note] InnoDB: End of log at LSN=36681
2026-05-11 10:16:16 0 [Note] InnoDB: Opened 3 undo tablespaces
2026-05-11 10:16:16 0 [Note] InnoDB: 128 rollback segments in 3 undo tablespaces are active.
2026-05-11 10:16:16 0 [Note] InnoDB: Setting file './ibtmp1' size to 12.000MiB. Physically writing the file full; Please wait ...
2026-05-11 10:16:16 0 [Note] InnoDB: File './ibtmp1' size is now 12.000MiB.
2026-05-11 10:16:16 0 [Note] InnoDB: log sequence number 36681; transaction id 4
2026-05-11 10:16:16 0 [Note] Plugin 'FEEDBACK' is disabled.
2026-05-11 10:16:16 0 [Note] InnoDB: Loading buffer pool(s) from C:\Users\Uday Shankar Pandey\Downloads\rescue_coordination\server-env\mariadb_data\ib_buffer_pool
2026-05-11 10:16:16 0 [Note] InnoDB: Buffer pool(s) load completed at 260511 10:16:16
2026-05-11 10:16:16 0 [Note] mysqld: SSPI: using principal name 'localhost', mech 'Negotiate'
2026-05-11 10:16:16 0 [ERROR] Can't open and lock privilege tables: Table 'mysql.servers' doesn't exist
2026-05-11 10:16:19 0 [Note] Server socket created on IP: '::', port: '3306'.
2026-05-11 10:16:19 0 [ERROR] Can't start server: Bind on TCP/IP port. Got error: 10048: Only one usage of each socket address (protocol/network address/port) is normally permitted.

2026-05-11 10:16:19 0 [ERROR] Do you already have another server running on port: 3306 ?
2026-05-11 10:16:19 0 [ERROR] Aborting
2026-05-11 10:25:37 0 [Note] Starting MariaDB 12.2.2-MariaDB source revision d26a6f44c1f2119377e79a9540886c6d8c01472f server_uid 9Pf0UY+yUpDYS4qY0b24rgeGudM= as process 6584
2026-05-11 10:25:37 0 [Note] InnoDB: Compressed tables use zlib 1.3.1
2026-05-11 10:25:37 0 [Note] InnoDB: Number of transaction pools: 1
2026-05-11 10:25:37 0 [Note] InnoDB: Using crc32 + pclmulqdq instructions
2026-05-11 10:25:37 0 [Note] InnoDB: Using ThreadPool
2026-05-11 10:25:37 0 [Note] InnoDB: innodb_buffer_pool_size_max=1968m, innodb_buffer_pool_size=1963m
2026-05-11 10:25:37 0 [Note] InnoDB: Completed initialization of buffer pool
2026-05-11 10:25:37 0 [Note] InnoDB: File system buffers for log disabled (block size=4096 bytes)
2026-05-11 10:25:37 0 [Note] InnoDB: End of log at LSN=36681
2026-05-11 10:25:37 0 [Note] InnoDB: Opened 3 undo tablespaces
2026-05-11 10:25:37 0 [Note] InnoDB: 128 rollback segments in 3 undo tablespaces are active.
2026-05-11 10:25:37 0 [Note] InnoDB: Setting file './ibtmp1' size to 12.000MiB. Physically writing the file full; Please wait ...
2026-05-11 10:25:37 0 [Note] InnoDB: File './ibtmp1' size is now 12.000MiB.
2026-05-11 10:25:37 0 [Note] InnoDB: log sequence number 36681; transaction id 4
2026-05-11 10:25:37 0 [Note] Plugin 'FEEDBACK' is disabled.
2026-05-11 10:25:37 0 [Note] InnoDB: Loading buffer pool(s) from C:\Users\Uday Shankar Pandey\Downloads\rescue_coordination\server-env\mariadb_data\ib_buffer_pool
2026-05-11 10:25:37 0 [Note] InnoDB: Buffer pool(s) load completed at 260511 10:25:37
2026-05-11 10:25:37 0 [Note] mysqld: SSPI: using principal name 'localhost', mech 'Negotiate'
2026-05-11 10:25:37 0 [ERROR] Could not open mysql.plugin table: "Table 'mysql.plugin' doesn't exist". Some plugins may be not loaded
2026-05-11 10:25:37 0 [ERROR] Can't open and lock privilege tables: Table 'mysql.servers' doesn't exist
2026-05-11 10:25:37 0 [Note] Server socket created on IP: '::', port: '3306'.
2026-05-11 10:25:37 0 [ERROR] Can't start server: Bind on TCP/IP port. Got error: 10048: Only one usage of each socket address (protocol/network address/port) is normally permitted.

2026-05-11 10:25:37 0 [ERROR] Do you already have another server running on port: 3306 ?
2026-05-11 10:25:37 0 [ERROR] Aborting
2026-05-11 10:30:39 0 [Note] Starting MariaDB 12.2.2-MariaDB source revision d26a6f44c1f2119377e79a9540886c6d8c01472f server_uid 9Pf0UY+yUpDYS4qY0b24rgeGudM= as process 18040
2026-05-11 10:30:39 0 [Note] InnoDB: Compressed tables use zlib 1.3.1
2026-05-11 10:30:39 0 [Note] InnoDB: Number of transaction pools: 1
2026-05-11 10:30:39 0 [Note] InnoDB: Using crc32 + pclmulqdq instructions
2026-05-11 10:30:39 0 [Note] InnoDB: Using ThreadPool
2026-05-11 10:30:39 0 [Note] InnoDB: innodb_buffer_pool_size_max=1968m, innodb_buffer_pool_size=1963m
2026-05-11 10:30:39 0 [Note] InnoDB: Completed initialization of buffer pool
2026-05-11 10:30:39 0 [Note] InnoDB: File system buffers for log disabled (block size=4096 bytes)
2026-05-11 10:30:39 0 [Note] InnoDB: End of log at LSN=36681
2026-05-11 10:30:39 0 [Note] InnoDB: Opened 3 undo tablespaces
2026-05-11 10:30:39 0 [Note] InnoDB: 128 rollback segments in 3 undo tablespaces are active.
2026-05-11 10:30:39 0 [Note] InnoDB: Setting file './ibtmp1' size to 12.000MiB. Physically writing the file full; Please wait ...
2026-05-11 10:30:39 0 [Note] InnoDB: File './ibtmp1' size is now 12.000MiB.
2026-05-11 10:30:39 0 [Note] InnoDB: log sequence number 36681; transaction id 4
2026-05-11 10:30:39 0 [Note] Plugin 'FEEDBACK' is disabled.
2026-05-11 10:30:39 0 [Note] InnoDB: Loading buffer pool(s) from C:\Users\Uday Shankar Pandey\Downloads\rescue_coordination\server-env\mariadb_data\ib_buffer_pool
2026-05-11 10:30:39 0 [Note] InnoDB: Buffer pool(s) load completed at 260511 10:30:39
2026-05-11 10:30:39 0 [Note] mysqld: SSPI: using principal name 'localhost', mech 'Negotiate'
2026-05-11 10:30:39 0 [ERROR] Could not open mysql.plugin table: "Table 'mysql.plugin' doesn't exist". Some plugins may be not loaded
2026-05-11 10:30:39 0 [ERROR] Can't open and lock privilege tables: Table 'mysql.servers' doesn't exist
2026-05-11 10:30:40 0 [Note] Server socket created on IP: '::', port: '3306'.
2026-05-11 10:30:40 0 [ERROR] Can't start server: Bind on TCP/IP port. Got error: 10048: Only one usage of each socket address (protocol/network address/port) is normally permitted.

2026-05-11 10:30:40 0 [ERROR] Do you already have another server running on port: 3306 ?
2026-05-11 10:30:40 0 [ERROR] Aborting
